$ sudb --no-init --file test/data/normal_puzzle.txt --auto --difference
1 puzzle to solve.

End Board for Puzzle 1:
â”Œâ”€â”€â”€â”€â”€â”€â”€â”¬â”€â”€â”€â”€â”€â”€â”€â”¬â”€â”€â”€â”€â”€â”€â”€â”
â”‚ [0;32m2[00m [0;32m9[00m 6 â”‚ [0;32m1[00m 4 8 â”‚ 7 [0;32m3[00m [0;32m5[00m â”‚
â”‚ 8 [0;32m4[00m [0;32m5[00m â”‚ [0;32m7[00m 3 [0;32m9[00m â”‚ [0;32m2[00m 1 [0;32m6[00m â”‚
â”‚ [0;32m3[00m [0;32m7[00m [0;32m1[00m â”‚ [0;32m5[00m 2 6 â”‚ 4 8 [0;32m9[00m â”‚
â”œâ”€â”€â”€â”€â”€â”€â”€â”¼â”€â”€â”€â”€â”€â”€â”€â”¼â”€â”€â”€â”€â”€â”€â”€â”¤
â”‚ 1 [0;32m8[00m 7 â”‚ [0;32m3[00m [0;32m5[00m [0;32m4[00m â”‚ [0;32m6[00m 9 2 â”‚
â”‚ [0;32m6[00m [0;32m3[00m 4 â”‚ [0;32m2[00m [0;32m9[00m [0;32m1[00m â”‚ 5 [0;32m7[00m [0;32m8[00m â”‚
â”‚ 5 2 [0;32m9[00m â”‚ [0;32m6[00m [0;32m8[00m [0;32m7[00m â”‚ 1 [0;32m4[00m 3 â”‚
â”œâ”€â”€â”€â”€â”€â”€â”€â”¼â”€â”€â”€â”€â”€â”€â”€â”¼â”€â”€â”€â”€â”€â”€â”€â”¤
â”‚ [0;32m7[00m 1 2 â”‚ 8 6 [0;32m3[00m â”‚ [0;32m9[00m [0;32m5[00m [0;32m4[00m â”‚
â”‚ [0;32m9[00m 5 [0;32m3[00m â”‚ [0;32m4[00m 1 [0;32m2[00m â”‚ [0;32m8[00m [0;32m6[00m 7 â”‚
â”‚ [0;32m4[00m [0;32m6[00m 8 â”‚ 9 7 [0;32m5[00m â”‚ 3 [0;32m2[00m [0;32m1[00m â”‚
â””â”€â”€â”€â”€â”€â”€â”€â”´â”€â”€â”€â”€â”€â”€â”€â”´â”€â”€â”€â”€â”€â”€â”€â”˜
(test/data/normal_puzzle.txt:1)

Solved 1 of 1.
$ sudb --no-init --file test/data/normal_puzzle.png --auto --difference
warning: importing from image will likely work only on cleanly cropped
         images with sharp text and a high-contrast grid, and even
         then the resulting puzzle may have missing or incorrect
         clues.

1 puzzle to solve.

End Board for Puzzle 1:
â”Œâ”€â”€â”€â”€â”€â”€â”€â”¬â”€â”€â”€â”€â”€â”€â”€â”¬â”€â”€â”€â”€â”€â”€â”€â”
â”‚ [0;32m2[00m [0;32m9[00m 6 â”‚ [0;32m1[00m 4 8 â”‚ 7 [0;32m3[00m [0;32m5[00m â”‚
â”‚ 8 [0;32m4[00m [0;32m5[00m â”‚ [0;32m7[00m 3 [0;32m9[00m â”‚ [0;32m2[00m 1 [0;32m6[00m â”‚
â”‚ [0;32m3[00m [0;32m7[00m [0;32m1[00m â”‚ [0;32m5[00m 2 6 â”‚ 4 8 [0;32m9[00m â”‚
â”œâ”€â”€â”€â”€â”€â”€â”€â”¼â”€â”€â”€â”€â”€â”€â”€â”¼â”€â”€â”€â”€â”€â”€â”€â”¤
â”‚ 1 [0;32m8[00m 7 â”‚ [0;32m3[00m [0;32m5[00m [0;32m4[00m â”‚ [0;32m6[00m 9 2 â”‚
â”‚ [0;32m6[00m [0;32m3[00m 4 â”‚ [0;32m2[00m [0;32m9[00m [0;32m1[00m â”‚ 5 [0;32m7[00m [0;32m8[00m â”‚
â”‚ 5 2 [0;32m9[00m â”‚ [0;32m6[00m [0;32m8[00m [0;32m7[00m â”‚ 1 [0;32m4[00m 3 â”‚
â”œâ”€â”€â”€â”€â”€â”€â”€â”¼â”€â”€â”€â”€â”€â”€â”€â”¼â”€â”€â”€â”€â”€â”€â”€â”¤
â”‚ [0;32m7[00m 1 2 â”‚ 8 6 [0;32m3[00m â”‚ [0;32m9[00m [0;32m5[00m [0;32m4[00m â”‚
â”‚ [0;32m9[00m 5 [0;32m3[00m â”‚ [0;32m4[00m 1 [0;32m2[00m â”‚ [0;32m8[00m [0;32m6[00m 7 â”‚
â”‚ [0;32m4[00m [0;32m6[00m 8 â”‚ 9 7 [0;32m5[00m â”‚ 3 [0;32m2[00m [0;32m1[00m â”‚
â””â”€â”€â”€â”€â”€â”€â”€â”´â”€â”€â”€â”€â”€â”€â”€â”´â”€â”€â”€â”€â”€â”€â”€â”˜
(test/data/normal_puzzle.png)

Solved 1 of 1.
$ sudb --no-init --lines 006048700 800030010 000026480 107000092 004000500 520000103 012860000 050010007 008970300 --auto --difference
1 puzzle to solve.

End Board for Puzzle 1:
â”Œâ”€â”€â”€â”€â”€â”€â”€â”¬â”€â”€â”€â”€â”€â”€â”€â”¬â”€â”€â”€â”€â”€â”€â”€â”
â”‚ [0;32m2[00m [0;32m9[00m 6 â”‚ [0;32m1[00m 4 8 â”‚ 7 [0;32m3[00m [0;32m5[00m â”‚
â”‚ 8 [0;32m4[00m [0;32m5[00m â”‚ [0;32m7[00m 3 [0;32m9[00m â”‚ [0;32m2[00m 1 [0;32m6[00m â”‚
â”‚ [0;32m3[00m [0;32m7[00m [0;32m1[00m â”‚ [0;32m5[00m 2 6 â”‚ 4 8 [0;32m9[00m â”‚
â”œâ”€â”€â”€â”€â”€â”€â”€â”¼â”€â”€â”€â”€â”€â”€â”€â”¼â”€â”€â”€â”€â”€â”€â”€â”¤
â”‚ 1 [0;32m8[00m 7 â”‚ [0;32m3[00m [0;32m5[00m [0;32m4[00m â”‚ [0;32m6[00m 9 2 â”‚
â”‚ [0;32m6[00m [0;32m3[00m 4 â”‚ [0;32m2[00m [0;32m9[00m [0;32m1[00m â”‚ 5 [0;32m7[00m [0;32m8[00m â”‚
â”‚ 5 2 [0;32m9[00m â”‚ [0;32m6[00m [0;32m8[00m [0;32m7[00m â”‚ 1 [0;32m4[00m 3 â”‚
â”œâ”€â”€â”€â”€â”€â”€â”€â”¼â”€â”€â”€â”€â”€â”€â”€â”¼â”€â”€â”€â”€â”€â”€â”€â”¤
â”‚ [0;32m7[00m 1 2 â”‚ 8 6 [0;32m3[00m â”‚ [0;32m9[00m [0;32m5[00m [0;32m4[00m â”‚
â”‚ [0;32m9[00m 5 [0;32m3[00m â”‚ [0;32m4[00m 1 [0;32m2[00m â”‚ [0;32m8[00m [0;32m6[00m 7 â”‚
â”‚ [0;32m4[00m [0;32m6[00m 8 â”‚ 9 7 [0;32m5[00m â”‚ 3 [0;32m2[00m [0;32m1[00m â”‚
â””â”€â”€â”€â”€â”€â”€â”€â”´â”€â”€â”€â”€â”€â”€â”€â”´â”€â”€â”€â”€â”€â”€â”€â”˜
(lines argument)

Solved 1 of 1.
$ sudb --no-init --auto --difference < test/data/normal_puzzle.txt
Enter the 9 characters in each row of the puzzle(s) from top to
bottom. Use 0 or any non-numerical, non-whitespace character to
represent a blank in the puzzle. When done, type a period on a
line by itself (or just type EOF, e.g., ctrl-D).


1 puzzle to solve.

End Board for Puzzle 1:
â”Œâ”€â”€â”€â”€â”€â”€â”€â”¬â”€â”€â”€â”€â”€â”€â”€â”¬â”€â”€â”€â”€â”€â”€â”€â”
â”‚ [0;32m2[00m [0;32m9[00m 6 â”‚ [0;32m1[00m 4 8 â”‚ 7 [0;32m3[00m [0;32m5[00m â”‚
â”‚ 8 [0;32m4[00m [0;32m5[00m â”‚ [0;32m7[00m 3 [0;32m9[00m â”‚ [0;32m2[00m 1 [0;32m6[00m â”‚
â”‚ [0;32m3[00m [0;32m7[00m [0;32m1[00m â”‚ [0;32m5[00m 2 6 â”‚ 4 8 [0;32m9[00m â”‚
â”œâ”€â”€â”€â”€â”€â”€â”€â”¼â”€â”€â”€â”€â”€â”€â”€â”¼â”€â”€â”€â”€â”€â”€â”€â”¤
â”‚ 1 [0;32m8[00m 7 â”‚ [0;32m3[00m [0;32m5[00m [0;32m4[00m â”‚ [0;32m6[00m 9 2 â”‚
â”‚ [0;32m6[00m [0;32m3[00m 4 â”‚ [0;32m2[00m [0;32m9[00m [0;32m1[00m â”‚ 5 [0;32m7[00m [0;32m8[00m â”‚
â”‚ 5 2 [0;32m9[00m â”‚ [0;32m6[00m [0;32m8[00m [0;32m7[00m â”‚ 1 [0;32m4[00m 3 â”‚
â”œâ”€â”€â”€â”€â”€â”€â”€â”¼â”€â”€â”€â”€â”€â”€â”€â”¼â”€â”€â”€â”€â”€â”€â”€â”¤
â”‚ [0;32m7[00m 1 2 â”‚ 8 6 [0;32m3[00m â”‚ [0;32m9[00m [0;32m5[00m [0;32m4[00m â”‚
â”‚ [0;32m9[00m 5 [0;32m3[00m â”‚ [0;32m4[00m 1 [0;32m2[00m â”‚ [0;32m8[00m [0;32m6[00m 7 â”‚
â”‚ [0;32m4[00m [0;32m6[00m 8 â”‚ 9 7 [0;32m5[00m â”‚ 3 [0;32m2[00m [0;32m1[00m â”‚
â””â”€â”€â”€â”€â”€â”€â”€â”´â”€â”€â”€â”€â”€â”€â”€â”´â”€â”€â”€â”€â”€â”€â”€â”˜
(stdin:1)

Solved 1 of 1.
$ sudb --no-init --file test/data/multiple_puzzles.txt --auto --ascii
2 puzzles to solve.

End Board for Puzzle 1:
.........................
! 6 1 4 ! 3 7 2 ! 8 5 9 !
! 3 5 9 ! 1 4 8 ! 7 6 2 !
! 8 7 2 ! 6 5 9 ! 3 4 1 !
!.......!.......!.......!
! 5 9 8 ! 4 3 7 ! 2 1 6 !
! 2 4 6 ! 8 9 1 ! 5 3 7 !
! 7 3 1 ! 5 2 6 ! 9 8 4 !
!.......!.......!.......!
! 9 6 3 ! 2 1 5 ! 4 7 8 !
! 4 8 7 ! 9 6 3 ! 1 2 5 !
! 1 2 5 ! 7 8 4 ! 6 9 3 !
!.......!.......!.......!
(test/data/multiple_puzzles.txt:2)


End Board for Puzzle 2:
.........................
! 2 1 5 ! 8 6 4 ! 3 7 9 !
! 6 7 9 ! 3 2 1 ! 5 8 4 !
! 8 4 3 ! 5 7 9 ! 2 6 1 !
!.......!.......!.......!
! 1 3 7 ! 4 5 6 ! 8 9 2 !
! 9 6 2 ! 7 3 8 ! 4 1 5 !
! 4 5 8 ! 9 1 2 ! 6 3 7 !
!.......!.......!.......!
! 7 9 4 ! 6 8 5 ! 1 2 3 !
! 5 2 6 ! 1 9 3 ! 7 4 8 !
! 3 8 1 ! 2 4 7 ! 9 5 6 !
!.......!.......!.......!
(test/data/multiple_puzzles.txt:13)

Solved 2 of 2.
$ sudb --no-init --file test/data/inconsistent_puzzle.txt --auto --ascii
test/data/inconsistent_puzzle.txt:2: puzzle has inconsistencies:

                                     .........................
                                     ! _ _ _ ! _ _ _ ! _ _ _ !
                                     ! _ _ _ ! _ _ 2 ! _ _ _ !
                                     ! _ _ _ ! _ _ _ ! _ _ _ !
                                     !.......!.......!.......!
                                     ! _ _ _ ! _ _ 2 ! _ _ _ !
                                     ! _ _ _ ! _ _ _ ! _ _ _ !
                                     ! _ _ _ ! _ _ _ ! _ _ _ !
                                     !.......!.......!.......!
                                     ! _ _ _ ! _ _ _ ! _ _ _ !
                                     ! _ _ _ ! _ _ _ ! _ _ _ !
                                     ! _ _ _ ! _ _ _ ! _ _ _ !
                                     !.......!.......!.......!


1 puzzle to solve.

End Board for Puzzle 1:
.........................
! 2 _ _ ! _ _ _ ! _ 7 _ !
! _ _ 1 ! 9 5 2 ! _ 3 4 !
! _ _ 3 ! 6 _ _ ! _ _ 1 !
!.......!.......!.......!
! _ _ _ ! _ 6 2 ! _ 9 _ !
! _ _ _ ! _ _ _ ! _ _ _ !
! _ 6 _ ! 8 9 _ ! _ _ _ !
!.......!.......!.......!
! 7 _ _ ! _ _ 4 ! 6 _ _ !
! 1 2 _ ! 5 7 9 ! 4 _ _ !
! _ 5 _ ! _ _ _ ! _ _ 2 !
!.......!.......!.......!
(test/data/inconsistent_puzzle.txt:2)

Solved 0 of 1.

Error Summary:
1 case of inconsistent board
$ sudb --no-init --file test/data/too_few_clues_puzzle.txt --auto --ascii
test/data/too_few_clues_puzzle.txt:2: puzzle contains fewer clues than
                                      the 17 required for a proper,
                                      single-solution Sudoku board

1 puzzle to solve.

End Board for Puzzle 1:
.........................
! 8 9 5 ! 6 4 3 ! 7 1 2 !
! 2 1 3 ! 7 5 9 ! 4 6 8 !
! 7 6 4 ! 1 8 2 ! 3 9 5 !
!.......!.......!.......!
! 1 5 2 ! 9 3 7 ! 6 8 4 !
! 4 3 9 ! 8 1 6 ! 2 5 7 !
! 6 7 8 ! 5 2 4 ! 9 3 1 !
!.......!.......!.......!
! 9 8 6 ! 4 7 5 ! 1 2 3 !
! 5 2 7 ! 3 9 1 ! 8 4 6 !
! 3 4 1 ! 2 6 8 ! 5 7 9 !
!.......!.......!.......!
(test/data/too_few_clues_puzzle.txt:2)

Solved 1 of 1.

Error Summary:
1 case of too few clues
$ sudb --no-init --file this_file_does_not_exist.txt --auto --ascii
this_file_does_not_exist.txt: no such file or directory

0 puzzles to solve.
Solved 0 of 0.

Error Summary:
1 case of import error
